Archive member included to satisfy reference by file (symbol)

build_scons\arm\Hi2115\reference\application_core\lib\Demo\private/app.o
                              build_scons\arm\Hi2115\reference\application_core\app\reference\application_core\main.o (lierda_App_main)
build_scons\arm\Hi2115\reference\application_core\lib\Demo\private/lierdalight.o
                              build_scons\arm\Hi2115\reference\application_core\lib\Demo\private/app.o (lierda_OPT3001_Init)
build_scons\arm\Hi2115\reference\application_core\../../../../../precompiled/app_at/lib/arm/libapp_at.a(app_os_init.o)
                              build_scons\arm\Hi2115\reference\application_core\app\reference\application_core\main.o (app_os_init)
build_scons\arm\Hi2115\reference\application_core\../../../../../precompiled/app_at/lib/arm/libapp_at.a(iccid.o)
                              build_scons\arm\Hi2115\reference\application_core\../../../../../precompiled/app_at/lib/arm/libapp_at.a(app_os_init.o) (iccid_register)
build_scons\arm\Hi2115\reference\application_core\../../../../../precompiled/app_at/lib/arm/libapp_at.a(app_at_cmd_parse.o)
                              build_scons\arm\Hi2115\reference\application_core\../../../../../precompiled/app_at/lib/arm/libapp_at.a(iccid.o) (check_lierda_imei)
build_scons\arm\Hi2115\reference\application_core\../../../../../precompiled/app_at/lib/arm/libapp_at.a(app_at_cmd_register.o)
                              build_scons\arm\Hi2115\reference\application_core\../../../../../precompiled/app_at/lib/arm/libapp_at.a(app_at_cmd_parse.o) (at_get_registered_cmd_table_address)
build_scons\arm\Hi2115\reference\application_core\../../../../../precompiled/app_at/lib/arm/libapp_at.a(app_at_filter.o)
                              build_scons\arm\Hi2115\reference\application_core\../../../../../precompiled/app_at/lib/arm/libapp_at.a(app_at_cmd_parse.o) (at_trigger_filter_send)
build_scons\arm\Hi2115\reference\application_core\../../../../../precompiled/app_at/lib/arm/libapp_at.a(app_at_main.o)
                              build_scons\arm\Hi2115\reference\application_core\../../../../../precompiled/app_at/lib/arm/libapp_at.a(app_at_cmd_parse.o) (app_at_send_callback_response)
build_scons\arm\Hi2115\reference\application_core\../../../../../precompiled/app_at/lib/arm/libapp_at.a(app_at_module_ota.o)
                              build_scons\arm\Hi2115\reference\application_core\../../../../../precompiled/app_at/lib/arm/libapp_at.a(app_at_cmd_parse.o) (at_ota_exec_cmd)
build_scons\arm\Hi2115\reference\application_core\../../../../../precompiled/app_at/lib/arm/libapp_at.a(app_at_private.o)
                              build_scons\arm\Hi2115\reference\application_core\../../../../../precompiled/app_at/lib/arm/libapp_at.a(app_at_cmd_parse.o) (set_sms_len)
build_scons\arm\Hi2115\reference\application_core\../../../../../precompiled/app_at/lib/arm/libapp_at.a(app_at_response.o)
                              build_scons\arm\Hi2115\reference\application_core\../../../../../precompiled/app_at/lib/arm/libapp_at.a(app_at_cmd_parse.o) (get_cmee_error_type)
build_scons\arm\Hi2115\reference\application_core\../../../../../precompiled/app_at/lib/arm/libapp_at.a(app_at_send_data.o)
                              build_scons\arm\Hi2115\reference\application_core\../../../../../precompiled/app_at/lib/arm/libapp_at.a(app_at_cmd_parse.o) (app_at_send_at_rsp_string)
build_scons\arm\Hi2115\reference\application_core\../../../../../precompiled/app_at/lib/arm/libapp_at.a(app_at_uart_driver.o)
                              build_scons\arm\Hi2115\reference\application_core\../../../../../precompiled/app_at/lib/arm/libapp_at.a(app_at_main.o) (at_uart_mark_can_receive)
build_scons\arm\Hi2115\reference\application_core\../../../../../precompiled/app_at/lib/arm/libapp_at.a(app_at_utils.o)
                              build_scons\arm\Hi2115\reference\application_core\../../../../../precompiled/app_at/lib/arm/libapp_at.a(app_at_main.o) (at_get_cmd_length)
build_scons\arm\Hi2115\reference\application_core\../../../../../precompiled/app_at/lib/arm/libapp_at.a(cJSON.o)
                              build_scons\arm\Hi2115\reference\application_core\../../../../../precompiled/app_at/lib/arm/libapp_at.a(iccid.o) (cJSON_Delete)
build_scons\arm\Hi2115\reference\application_core\../../../../../precompiled/app_at/lib/arm/libapp_at.a(app_at_async_notify.o)
                              build_scons\arm\Hi2115\reference\application_core\../../../../../precompiled/app_at/lib/arm/libapp_at.a(app_at_main.o) (delayed_async_output_list)
build_scons\arm\Hi2115\reference\application_core\../../../../../precompiled/activity_indication/lib/arm/libactivity_indication.a(activity_indication.o)
                              build_scons\arm\Hi2115\reference\application_core\../../../../../precompiled/app_at/lib/arm/libapp_at.a(app_at_main.o) (activity_indication_init)
build_scons\arm\Hi2115\reference\application_core\../../../../../precompiled/aio_functions/lib/arm/libaio_functions.a(aio_functions.o)
                              build_scons\arm\Hi2115\reference\application_core\../../../../../precompiled/app_at/lib/arm/libapp_at.a(app_os_init.o) (aio_func_set_default_temperature_coefficient)
build_scons\arm\Hi2115\reference\application_core\../../../../../precompiled/app_at_module_production/lib/arm/libapp_at_module_production.a(app_at_module_production.o)
                              build_scons\arm\Hi2115\reference\application_core\../../../../../precompiled/app_at/lib/arm/libapp_at.a(app_os_init.o) (production_at_cmd_init)
build_scons\arm\Hi2115\reference\application_core\../../../../../precompiled/backtrace/lib/arm/libbacktrace.a(backtrace.o)
                              build_scons\arm\Hi2115\reference\application_core\../../../../../precompiled/app_at/lib/arm/libapp_at.a(app_at_main.o) (get_backtrace)
build_scons\arm\Hi2115\reference\application_core\../../../../../precompiled/panic/lib/arm/libpanic.a(panic.o)
                              build_scons\arm\Hi2115\reference\application_core\../../../../../precompiled/app_at/lib/arm/libapp_at.a(app_os_init.o) (panic)
build_scons\arm\Hi2115\reference\application_core\../../../../../precompiled/rpc_interface/lib/arm/librpc_interface.a(cmsis_rpc.o)
                              build_scons\arm\Hi2115\reference\application_core\../../../../../precompiled/app_at/lib/arm/libapp_at.a(app_os_init.o) (rpc_interface_create_queue)
build_scons\arm\Hi2115\reference\application_core\../../../../../precompiled/rpc_interface/lib/arm/librpc_interface.a(rpc_interface.o)
                              build_scons\arm\Hi2115\reference\application_core\../../../../../precompiled/rpc_interface/lib/arm/librpc_interface.a(cmsis_rpc.o) (rpc_interface_init)
build_scons\arm\Hi2115\reference\application_core\../../../../../precompiled/rpc_interface/lib/arm/librpc_interface.a(rpc_auto_generated_application.o)
                              build_scons\arm\Hi2115\reference\application_core\../../../../../precompiled/rpc_interface/lib/arm/librpc_interface.a(rpc_interface.o) (rpc_auto_generated_init)
build_scons\arm\Hi2115\reference\application_core\../../../../../precompiled/rpc_interface/lib/arm/librpc_interface.a(rpc_helpers.o)
                              build_scons\arm\Hi2115\reference\application_core\../../../../../precompiled/rpc_interface/lib/arm/librpc_interface.a(rpc_auto_generated_application.o) (rpc_get_buffer)
build_scons\arm\Hi2115\reference\application_core\../../../../../precompiled/log/lib/arm/liblog.a(log.o)
                              build_scons\arm\Hi2115\reference\application_core\app\reference\application_core\main.o (log_init)
build_scons\arm\Hi2115\reference\application_core\../../../../../precompiled/log/lib/arm/liblog.a(log_trigger.o)
                              build_scons\arm\Hi2115\reference\application_core\../../../../../precompiled/log/lib/arm/liblog.a(log.o) (log_trigger)
build_scons\arm\Hi2115\reference\application_core\../../../../../precompiled/log_reader/lib/arm/liblog_reader.a(flog.o)
                              build_scons\arm\Hi2115\reference\application_core\../../../../../precompiled/app_at/lib/arm/libapp_at.a(app_os_init.o) (flog_init)
build_scons\arm\Hi2115\reference\application_core\../../../../../precompiled/log_reader/lib/arm/liblog_reader.a(log_uart.o)
                              build_scons\arm\Hi2115\reference\application_core\app\reference\application_core\main.o (log_uart_init_after_rtos)
build_scons\arm\Hi2115\reference\application_core\../../../../../precompiled/ota/lib/arm/libota.a(ota.o)
                              build_scons\arm\Hi2115\reference\application_core\../../../../../precompiled/app_at/lib/arm/libapp_at.a(app_at_module_ota.o) (ota_package_upgrade_req)
build_scons\arm\Hi2115\reference\application_core\../../../../../precompiled/ota/lib/arm/libota.a(ota_iflash.o)
                              build_scons\arm\Hi2115\reference\application_core\../../../../../precompiled/app_at/lib/arm/libapp_at.a(app_at_module_ota.o) (ota_package_init)
build_scons\arm\Hi2115\reference\application_core\../../../../../precompiled/neul/lib/arm/libneul.a(adc.o)
                              build_scons\arm\Hi2115\reference\application_core\../../../../../precompiled/aio_functions/lib/arm/libaio_functions.a(aio_functions.o) (adc_init)
build_scons\arm\Hi2115\reference\application_core\../../../../../precompiled/neul/lib/arm/libneul.a(aio_manager.o)
                              build_scons\arm\Hi2115\reference\application_core\app\reference\application_core\main.o (aio_manager_init)
build_scons\arm\Hi2115\reference\application_core\../../../../../precompiled/neul/lib/arm/libneul.a(identity.o)
                              build_scons\arm\Hi2115\reference\application_core\../../../../../precompiled/app_at/lib/arm/libapp_at.a(app_at_cmd_parse.o) (set_imei)
build_scons\arm\Hi2115\reference\application_core\../../../../../precompiled/neul/lib/arm/libneul.a(log.o)
                              build_scons\arm\Hi2115\reference\application_core\../../../../../precompiled/app_at/lib/arm/libapp_at.a(app_at_cmd_parse.o) (neul_log_set_log_level)
build_scons\arm\Hi2115\reference\application_core\../../../../../precompiled/neul/lib/arm/libneul.a(neul_io_bank.o)
                              build_scons\arm\Hi2115\reference\application_core\../../../../../precompiled/app_at/lib/arm/libapp_at.a(app_os_init.o) (io_bank_init)
build_scons\arm\Hi2115\reference\application_core\../../../../../precompiled/neul/lib/arm/libneul.a(neul_time.o)
                              build_scons\arm\Hi2115\reference\application_core\../../../../../precompiled/app_at/lib/arm/libapp_at.a(app_at_cmd_parse.o) (set_time_zone_reporting)
build_scons\arm\Hi2115\reference\application_core\../../../../../precompiled/neul/lib/arm/libneul.a(nonip_messaging.o)
                              build_scons\arm\Hi2115\reference\application_core\../../../../../precompiled/app_at/lib/arm/libapp_at.a(app_at_private.o) (nonip_set_cp_only_message_received_callback)
build_scons\arm\Hi2115\reference\application_core\../../../../../precompiled/neul/lib/arm/libneul.a(production.o)
                              build_scons\arm\Hi2115\reference\application_core\../../../../../precompiled/app_at/lib/arm/libapp_at.a(app_at_cmd_parse.o) (production_execute_radiotest)
build_scons\arm\Hi2115\reference\application_core\../../../../../precompiled/neul/lib/arm/libneul.a(radio.o)
                              build_scons\arm\Hi2115\reference\application_core\../../../../../precompiled/app_at/lib/arm/libapp_at.a(app_at_cmd_parse.o) (set_plmn_search_range)
build_scons\arm\Hi2115\reference\application_core\../../../../../precompiled/neul/lib/arm/libneul.a(reboot.o)
                              build_scons\arm\Hi2115\reference\application_core\../../../../../precompiled/app_at/lib/arm/libapp_at.a(app_at_cmd_parse.o) (request_reboot)
build_scons\arm\Hi2115\reference\application_core\../../../../../precompiled/neul/lib/arm/libneul.a(sms_messaging.o)
                              build_scons\arm\Hi2115\reference\application_core\../../../../../precompiled/app_at/lib/arm/libapp_at.a(app_at_cmd_parse.o) (set_short_message_service_type)
build_scons\arm\Hi2115\reference\application_core\../../../../../precompiled/neul/lib/arm/libneul.a(system.o)
                              build_scons\arm\Hi2115\reference\application_core\../../../../../precompiled/app_at/lib/arm/libapp_at.a(app_at_cmd_parse.o) (get_chipinfo)
build_scons\arm\Hi2115\reference\application_core\../../../../../precompiled/neul/lib/arm/libneul.a(ue_stats.o)
                              build_scons\arm\Hi2115\reference\application_core\../../../../../precompiled/app_at/lib/arm/libapp_at.a(app_at_cmd_parse.o) (get_ue_stats)
build_scons\arm\Hi2115\reference\application_core\../../../../../precompiled/neul/lib/arm/libneul.a(update.o)
                              build_scons\arm\Hi2115\reference\application_core\../../../../../precompiled/app_at/lib/arm/libapp_at.a(app_at_module_ota.o) (neul_update_get_update_status)
build_scons\arm\Hi2115\reference\application_core\../../../../../precompiled/neul/lib/arm/libneul.a(identity.o)
                              build_scons\arm\Hi2115\reference\application_core\../../../../../precompiled/app_at/lib/arm/libapp_at.a(iccid.o) (get_imei)
build_scons\arm\Hi2115\reference\application_core\../../../../../precompiled/neul/lib/arm/libneul.a(log_behaviour_config.o)
                              build_scons\arm\Hi2115\reference\application_core\../../../../../precompiled/log/lib/arm/liblog.a(log.o) (neul_log_get_log_behaviour_restricted)
build_scons\arm\Hi2115\reference\application_core\../../../../../precompiled/neul_network/lib/arm/libneul_network.a(getifaddrs.o)
                              build_scons\arm\Hi2115\reference\application_core\../../../../../precompiled/app_at/lib/arm/libapp_at.a(app_at_cmd_parse.o) (freeifaddrs)
build_scons\arm\Hi2115\reference\application_core\../../../../../precompiled/neul_network/lib/arm/libneul_network.a(icmp_ping.o)
                              build_scons\arm\Hi2115\reference\application_core\../../../../../precompiled/app_at/lib/arm/libapp_at.a(app_at_cmd_parse.o) (icmp_ping_send)
build_scons\arm\Hi2115\reference\application_core\../../../../../precompiled/neul_network/lib/arm/libneul_network.a(network.o)
                              build_scons\arm\Hi2115\reference\application_core\../../../../../precompiled/app_at/lib/arm/libapp_at.a(app_at_cmd_parse.o) (ipaddr_aton)
build_scons\arm\Hi2115\reference\application_core\../../../../../precompiled/neul_network/lib/arm/libneul_network.a(network_ip4.o)
                              build_scons\arm\Hi2115\reference\application_core\../../../../../precompiled/app_at/lib/arm/libapp_at.a(app_at_cmd_parse.o) (ip4addr_ntoa)
build_scons\arm\Hi2115\reference\application_core\../../../../../precompiled/neul_network/lib/arm/libneul_network.a(network_ip6.o)
                              build_scons\arm\Hi2115\reference\application_core\../../../../../precompiled/app_at/lib/arm/libapp_at.a(app_at_cmd_parse.o) (ip6addr_ntoa)
build_scons\arm\Hi2115\reference\application_core\../../../../../precompiled/neul_network/lib/arm/libneul_network.a(network_management.o)
                              build_scons\arm\Hi2115\reference\application_core\../../../../../precompiled/app_at/lib/arm/libapp_at.a(app_os_init.o) (network_config_init)
build_scons\arm\Hi2115\reference\application_core\../../../../../precompiled/neul_network/lib/arm/libneul_network.a(socket.o)
                              build_scons\arm\Hi2115\reference\application_core\app\reference\application_core\main.o (socket_init)
build_scons\arm\Hi2115\reference\application_core\../../../../../precompiled/neul_kv_storage/lib/arm/libneul_kv_storage.a(neul_kv_storage.o)
                              build_scons\arm\Hi2115\reference\application_core\../../../../../precompiled/app_at/lib/arm/libapp_at.a(iccid.o) (neul_kv_set)
build_scons\arm\Hi2115\reference\application_core\../../../../../precompiled/neul_utils/lib/arm/libneul_utils.a(neul_utils.o)
                              build_scons\arm\Hi2115\reference\application_core\../../../../../precompiled/app_at/lib/arm/libapp_at.a(iccid.o) (neul_string_convert_BCD_to_str)
build_scons\arm\Hi2115\reference\application_core\../../../../../precompiled/iflog/lib/arm/libiflog.a(iflog.o)
                              build_scons\arm\Hi2115\reference\application_core\../../../../../precompiled/log_reader/lib/arm/liblog_reader.a(flog.o) (iflog_init)
build_scons\arm\Hi2115\reference\application_core\../../../../../precompiled/logical_channel/lib/arm/liblogical_channel.a(logical_channel.o)
                              build_scons\arm\Hi2115\reference\application_core\../../../../../precompiled/app_at/lib/arm/libapp_at.a(app_at_cmd_parse.o) (open_logical_channel)
build_scons\arm\Hi2115\reference\application_core\../../../../../precompiled/ppp/lib/arm/libppp.a(pppd.o)
                              build_scons\arm\Hi2115\reference\application_core\../../../../../precompiled/app_at/lib/arm/libapp_at.a(app_at_cmd_parse.o) (ppp_set_serial_config)
build_scons\arm\Hi2115\reference\application_core\../../../../../precompiled/ppp/lib/arm/libppp.a(ppp.o)
                              build_scons\arm\Hi2115\reference\application_core\../../../../../precompiled/ppp/lib/arm/libppp.a(pppd.o) (ppp_listen)
build_scons\arm\Hi2115\reference\application_core\../../../../../precompiled/ppp/lib/arm/libppp.a(pppos.o)
                              build_scons\arm\Hi2115\reference\application_core\../../../../../precompiled/ppp/lib/arm/libppp.a(pppd.o) (pppos_create)
build_scons\arm\Hi2115\reference\application_core\../../../../../precompiled/ppp/lib/arm/libppp.a(utils.o)
                              build_scons\arm\Hi2115\reference\application_core\../../../../../precompiled/ppp/lib/arm/libppp.a(ppp.o) (ppp_warn)
build_scons\arm\Hi2115\reference\application_core\../../../../../precompiled/ppp/lib/arm/libppp.a(auth.o)
                              build_scons\arm\Hi2115\reference\application_core\../../../../../precompiled/ppp/lib/arm/libppp.a(ppp.o) (link_terminated)
build_scons\arm\Hi2115\reference\application_core\../../../../../precompiled/ppp/lib/arm/libppp.a(ipcp.o)
                              build_scons\arm\Hi2115\reference\application_core\../../../../../precompiled/ppp/lib/arm/libppp.a(ppp.o) (ipcp_protent)
build_scons\arm\Hi2115\reference\application_core\../../../../../precompiled/ppp/lib/arm/libppp.a(lcp.o)
                              build_scons\arm\Hi2115\reference\application_core\../../../../../precompiled/ppp/lib/arm/libppp.a(ppp.o) (lcp_lowerup)
build_scons\arm\Hi2115\reference\application_core\../../../../../precompiled/ppp/lib/arm/libppp.a(magic.o)
                              build_scons\arm\Hi2115\reference\application_core\../../../../../precompiled/ppp/lib/arm/libppp.a(ppp.o) (magic_init)
build_scons\arm\Hi2115\reference\application_core\../../../../../precompiled/ppp/lib/arm/libppp.a(fsm.o)
                              build_scons\arm\Hi2115\reference\application_core\../../../../../precompiled/ppp/lib/arm/libppp.a(ipcp.o) (fsm_init)
build_scons\arm\Hi2115\reference\application_core\../../../../../precompiled/nlibc/lib/arm/libnlibc.a(ctype.o)
                              build_scons\arm\Hi2115\reference\application_core\../../../../../precompiled/app_at/lib/arm/libapp_at.a(app_at_cmd_parse.o) (__ctype_ptr__)
build_scons\arm\Hi2115\reference\application_core\../../../../../precompiled/nlibc/lib/arm/libnlibc.a(snprintf.o)
                              build_scons\arm\Hi2115\reference\application_core\../../../../../precompiled/app_at/lib/arm/libapp_at.a(iccid.o) (snprintf)
build_scons\arm\Hi2115\reference\application_core\../../../../../precompiled/nlibc/lib/arm/libnlibc.a(sprintf.o)
                              build_scons\arm\Hi2115\reference\application_core\../../../../../precompiled/app_at/lib/arm/libapp_at.a(iccid.o) (sprintf)
build_scons\arm\Hi2115\reference\application_core\../../../../../precompiled/nlibc/lib/arm/libnlibc.a(vsnprintf.o)
                              build_scons\arm\Hi2115\reference\application_core\../../../../../precompiled/app_at/lib/arm/libapp_at.a(app_os_init.o) (vsnprintf)
build_scons\arm\Hi2115\reference\application_core\../../../../../precompiled/nlibc/lib/arm/libnlibc.a(vsprintf.o)
                              build_scons\arm\Hi2115\reference\application_core\../../../../../precompiled/app_at/lib/arm/libapp_at.a(app_at_uart_driver.o) (vsprintf)
build_scons\arm\Hi2115\reference\application_core\../../../../../precompiled/nlibc/lib/arm/libnlibc.a(vvprintf.o)
                              build_scons\arm\Hi2115\reference\application_core\../../../../../precompiled/nlibc/lib/arm/libnlibc.a(vsnprintf.o) (vvprintf)
build_scons\arm\Hi2115\reference\application_core\../../../../../precompiled/nlibc/lib/arm/libnlibc.a(abs.o)
                              build_scons\arm\Hi2115\reference\application_core\../../../../../precompiled/app_at/lib/arm/libapp_at.a(app_at_cmd_parse.o) (abs)
build_scons\arm\Hi2115\reference\application_core\../../../../../precompiled/nlibc/lib/arm/libnlibc.a(atoi.o)
                              build_scons\arm\Hi2115\reference\application_core\../../../../../precompiled/app_at/lib/arm/libapp_at.a(app_at_utils.o) (atoi)
build_scons\arm\Hi2115\reference\application_core\../../../../../precompiled/nlibc/lib/arm/libnlibc.a(exit.o)
                              d:/tools/gcc-arm-none-eabi-7-2017-q4-major-win32/bin/../lib/gcc/arm-none-eabi/7.2.1/../../../../arm-none-eabi/lib/thumb/v6-m/crt0.o (exit)
build_scons\arm\Hi2115\reference\application_core\../../../../../precompiled/nlibc/lib/arm/libnlibc.a(rand.o)
                              build_scons\arm\Hi2115\reference\application_core\../../../../../precompiled/ppp/lib/arm/libppp.a(magic.o) (rand)
build_scons\arm\Hi2115\reference\application_core\../../../../../precompiled/nlibc/lib/arm/libnlibc.a(strtol.o)
                              build_scons\arm\Hi2115\reference\application_core\../../../../../precompiled/app_at/lib/arm/libapp_at.a(app_at_utils.o) (strtol)
build_scons\arm\Hi2115\reference\application_core\../../../../../precompiled/nlibc/lib/arm/libnlibc.a(strtoul.o)
                              build_scons\arm\Hi2115\reference\application_core\../../../../../precompiled/app_at/lib/arm/libapp_at.a(app_at_utils.o) (strtoul)
build_scons\arm\Hi2115\reference\application_core\../../../../../precompiled/nlibc/lib/arm/libnlibc.a(memchr.o)
                              build_scons\arm\Hi2115\reference\application_core\../../../../../precompiled/nlibc/lib/arm/libnlibc.a(vvprintf.o) (memchr)
build_scons\arm\Hi2115\reference\application_core\../../../../../precompiled/nlibc/lib/arm/libnlibc.a(memcmp.o)
                              build_scons\arm\Hi2115\reference\application_core\../../../../../precompiled/app_at/lib/arm/libapp_at.a(iccid.o) (memcmp)
build_scons\arm\Hi2115\reference\application_core\../../../../../precompiled/nlibc/lib/arm/libnlibc.a(memmove.o)
                              build_scons\arm\Hi2115\reference\application_core\../../../../../precompiled/app_at/lib/arm/libapp_at.a(app_at_main.o) (memmove)
build_scons\arm\Hi2115\reference\application_core\../../../../../precompiled/nlibc/lib/arm/libnlibc.a(strchr.o)
                              build_scons\arm\Hi2115\reference\application_core\../../../../../precompiled/app_at/lib/arm/libapp_at.a(app_at_utils.o) (strchr)
build_scons\arm\Hi2115\reference\application_core\../../../../../precompiled/nlibc/lib/arm/libnlibc.a(strcmp.o)
                              build_scons\arm\Hi2115\reference\application_core\../../../../../precompiled/app_at/lib/arm/libapp_at.a(iccid.o) (strcmp)
build_scons\arm\Hi2115\reference\application_core\../../../../../precompiled/nlibc/lib/arm/libnlibc.a(strcpy.o)
                              build_scons\arm\Hi2115\reference\application_core\../../../../../precompiled/app_at/lib/arm/libapp_at.a(cJSON.o) (strcpy)
build_scons\arm\Hi2115\reference\application_core\../../../../../precompiled/nlibc/lib/arm/libnlibc.a(strlen.o)
                              build_scons\arm\Hi2115\reference\application_core\../../../../../precompiled/app_at/lib/arm/libapp_at.a(iccid.o) (strlen)
build_scons\arm\Hi2115\reference\application_core\../../../../../precompiled/nlibc/lib/arm/libnlibc.a(strncmp.o)
                              build_scons\arm\Hi2115\reference\application_core\../../../../../precompiled/app_at/lib/arm/libapp_at.a(iccid.o) (strncmp)
build_scons\arm\Hi2115\reference\application_core\../../../../../precompiled/nlibc/lib/arm/libnlibc.a(strncpy.o)
                              build_scons\arm\Hi2115\reference\application_core\../../../../../precompiled/app_at/lib/arm/libapp_at.a(app_at_private.o) (strncpy)
build_scons\arm\Hi2115\reference\application_core\../../../../../precompiled/nlibc/lib/arm/libnlibc.a(strstr.o)
                              build_scons\arm\Hi2115\reference\application_core\../../../../../precompiled/app_at/lib/arm/libapp_at.a(iccid.o) (strstr)
build_scons\arm\Hi2115\reference\application_core\../../../../../precompiled/nlibc/lib/arm/libnlibc.a(time.o)
                              build_scons\arm\Hi2115\reference\application_core\../../../../../precompiled/app_at/lib/arm/libapp_at.a(app_at_cmd_parse.o) (gmtime)
build_scons\arm\Hi2115\reference\application_core\../../../../../precompiled/nlibc/lib/arm/libnlibc.a(memcpy.o)
                              build_scons\arm\Hi2115\reference\application_core\../../../../../precompiled/app_at/lib/arm/libapp_at.a(app_os_init.o) (memcpy)
build_scons\arm\Hi2115\reference\application_core\../../../../../precompiled/nlibc/lib/arm/libnlibc.a(memset.o)
                              d:/tools/gcc-arm-none-eabi-7-2017-q4-major-win32/bin/../lib/gcc/arm-none-eabi/7.2.1/../../../../arm-none-eabi/lib/thumb/v6-m/crt0.o (memset)
build_scons\arm\Hi2115\reference\application_core\../../../../../precompiled/nlibc/lib/arm/libnlibc.a(assert.o)
                              build_scons\arm\Hi2115\reference\application_core\../../../../../precompiled/nlibc/lib/arm/libnlibc.a(memcpy.o) (__asm_memcpy_assert)
build_scons\arm\Hi2115\reference\application_core\../../../../../precompiled/preserve/lib/arm/libpreserve.a(preserve.o)
                              build_scons\arm\Hi2115\reference\application_core\../../../../../precompiled/panic/lib/arm/libpanic.a(panic.o) (get_last_panic_handle)
